[pointcom.centipidtechnologies.com/login.html]
[backblue.gif]
[fade.gif]
[index.html]
[fonts.bunny.net/index.html]
[fonts.bunny.net/css8d25.css]
[pointcom.centipidtechnologies.com/login.html]
[www.w3.org/2000/svg.html]
[fonts.bunny.net/assets/favicon.webp]
[fonts.bunny.net/css5a1c.css]
[bunny.net/lib/fontawesome/css/all.min.css]
[fonts.bunny.net/assets/bootstrap/bootstrap.min.css]
[fonts.bunny.net/assets/animate.min.css]
[fonts.bunny.net/assets/bootstrap/jquery.slim.js]
[fonts.bunny.net/assets/bootstrap/bootstrap.min.js]
[fonts.bunny.net/_content/Sve.Blazor.InfiniteScroll/js/Observer.js]
[fonts.bunny.net/faq.html]
[fonts.bunny.net/about.html]
[fonts.bunny.net/assets/footer-dark.svg]
[fonts.bunny.net/index.html]
[fonts.bunny.net/_framework/blazor.webassembly.js]
[fonts.bunny.net/figtree/files/figtree-latin-400-normal.woff2]
[fonts.bunny.net/figtree/files/figtree-latin-ext-400-normal.woff2]
[fonts.bunny.net/figtree/files/figtree-latin-500-normal.woff2]
[fonts.bunny.net/figtree/files/figtree-latin-ext-500-normal.woff2]
[fonts.bunny.net/figtree/files/figtree-latin-600-normal.woff2]
[fonts.bunny.net/figtree/files/figtree-latin-ext-600-normal.woff2]
[fonts.bunny.net/css8d25.css]
[www.w3.org/2000/svg.html]
[fonts.bunny.net/rubik/files/rubik-latin-400-normal.woff2]
[fonts.bunny.net/rubik/files/rubik-arabic-400-normal.woff2]
[fonts.bunny.net/rubik/files/rubik-hebrew-400-normal.woff2]
[fonts.bunny.net/rubik/files/rubik-cyrillic-400-normal.woff2]
[fonts.bunny.net/rubik/files/rubik-latin-ext-400-normal.woff2]
[fonts.bunny.net/rubik/files/rubik-cyrillic-ext-400-normal.woff2]
[fonts.bunny.net/rubik/files/rubik-latin-700-normal.woff2]
[fonts.bunny.net/rubik/files/rubik-arabic-700-normal.woff2]
[fonts.bunny.net/rubik/files/rubik-hebrew-700-normal.woff2]
[fonts.bunny.net/rubik/files/rubik-cyrillic-700-normal.woff2]
[fonts.bunny.net/rubik/files/rubik-latin-ext-700-normal.woff2]
[fonts.bunny.net/rubik/files/rubik-cyrillic-ext-700-normal.woff2]
[fonts.bunny.net/courier-prime/files/courier-prime-latin-400-normal.woff2]
[fonts.bunny.net/courier-prime/files/courier-prime-latin-ext-400-normal.woff2]
[fonts.bunny.net/allison/files/allison-latin-400-normal.woff2]
[fonts.bunny.net/allison/files/allison-latin-ext-400-normal.woff2]
[fonts.bunny.net/allison/files/allison-vietnamese-400-normal.woff2]
[fonts.bunny.net/aleo/files/aleo-latin-400-normal.woff2]
[fonts.bunny.net/aleo/files/aleo-latin-ext-400-normal.woff2]
[fonts.bunny.net/aleo/files/aleo-vietnamese-400-normal.woff2]
[fonts.bunny.net/abril-fatface/files/abril-fatface-latin-400-normal.woff2]
[fonts.bunny.net/abril-fatface/files/abril-fatface-latin-ext-400-normal.woff2]
[fonts.bunny.net/alata/files/alata-latin-400-normal.woff2]
[fonts.bunny.net/alata/files/alata-latin-ext-400-normal.woff2]
[fonts.bunny.net/alata/files/alata-vietnamese-400-normal.woff2]
[fonts.bunny.net/css5a1c.css]
[bunny.net/lib/fontawesome/css/all.min.css]
[fonts.bunny.net/assets/bootstrap/bootstrap.min.css]
[fonts.bunny.net/assets/animate.min.css]
[fonts.bunny.net/faq.html]
[fonts.bunny.net/assets/faq-bunny.svg]
[fonts.bunny.net/about.html]
[fonts.bunny.net/assets/footer-dark.svg]
[fonts.bunny.net/assets/faq-bunny.svg]
[fonts.bunny.net/assets/about-bunny.svg]
[fonts.bunny.net/assets/about-bunny.svg]
